Classic Timing Analyzer report for top_module
Tue Nov 22 16:08:40 2011
Quartus II Version 9.0 Build 132 02/25/2009 SJ Full Version


---------------------
; Table of Contents ;
---------------------
  1. Legal Notice
  2. Timing Analyzer Summary
  3. Timing Analyzer Settings
  4. Clock Settings Summary
  5. Parallel Compilation
  6. Clock Setup: 'CLK'
  7. tco
  8. Timing Analyzer Messages



----------------
; Legal Notice ;
----------------
Copyright (C) 1991-2009 Altera Corporation
Your use of Altera Corporation's design tools, logic functions 
and other software and tools, and its AMPP partner logic 
functions, and any output files from any of the foregoing 
(including device programming or simulation files), and any 
associated documentation or information are expressly subject 
to the terms and conditions of the Altera Program License 
Subscription Agreement, Altera MegaCore Function License 
Agreement, or other applicable license agreement, including, 
without limitation, that your use is for the sole purpose of 
programming logic devices manufactured by Altera and sold by 
Altera or its authorized distributors.  Please refer to the 
applicable agreement for further details.



+-------------------------------------------------------------------------------------------------------------------------------------------------------------------------------------+
; Timing Analyzer Summary                                                                                                                                                             ;
+------------------------------+-------+---------------+----------------------------------+--------------------------+-------------------------+------------+----------+--------------+
; Type                         ; Slack ; Required Time ; Actual Time                      ; From                     ; To                      ; From Clock ; To Clock ; Failed Paths ;
+------------------------------+-------+---------------+----------------------------------+--------------------------+-------------------------+------------+----------+--------------+
; Worst-case tco               ; N/A   ; None          ; 8.158 ns                         ; led1_module:U2|rLED_Out  ; LED_Out[1]              ; CLK        ; --       ; 0            ;
; Clock Setup: 'CLK'           ; N/A   ; None          ; 187.83 MHz ( period = 5.324 ns ) ; led2_module:U3|Count1[8] ; led2_module:U3|rLED_Out ; CLK        ; CLK      ; 0            ;
; Total number of failed paths ;       ;               ;                                  ;                          ;                         ;            ;          ; 0            ;
+------------------------------+-------+---------------+----------------------------------+--------------------------+-------------------------+------------+----------+--------------+


+--------------------------------------------------------------------------------------------------------------------+
; Timing Analyzer Settings                                                                                           ;
+---------------------------------------------------------------------+--------------------+------+----+-------------+
; Option                                                              ; Setting            ; From ; To ; Entity Name ;
+---------------------------------------------------------------------+--------------------+------+----+-------------+
; Device Name                                                         ; EP2C8Q208C8        ;      ;    ;             ;
; Timing Models                                                       ; Final              ;      ;    ;             ;
; Default hold multicycle                                             ; Same as Multicycle ;      ;    ;             ;
; Cut paths between unrelated clock domains                           ; On                 ;      ;    ;             ;
; Cut off read during write signal paths                              ; On                 ;      ;    ;             ;
; Cut off feedback from I/O pins                                      ; On                 ;      ;    ;             ;
; Report Combined Fast/Slow Timing                                    ; Off                ;      ;    ;             ;
; Ignore Clock Settings                                               ; Off                ;      ;    ;             ;
; Analyze latches as synchronous elements                             ; On                 ;      ;    ;             ;
; Enable Recovery/Removal analysis                                    ; Off                ;      ;    ;             ;
; Enable Clock Latency                                                ; Off                ;      ;    ;             ;
; Use TimeQuest Timing Analyzer                                       ; Off                ;      ;    ;             ;
; Minimum Core Junction Temperature                                   ; 0                  ;      ;    ;             ;
; Maximum Core Junction Temperature                                   ; 85                 ;      ;    ;             ;
; Number of source nodes to report per destination node               ; 10                 ;      ;    ;             ;
; Number of destination nodes to report                               ; 10                 ;      ;    ;             ;
; Number of paths to report                                           ; 200                ;      ;    ;             ;
; Report Minimum Timing Checks                                        ; Off                ;      ;    ;             ;
; Use Fast Timing Models                                              ; Off                ;      ;    ;             ;
; Report IO Paths Separately                                          ; Off                ;      ;    ;             ;
; Perform Multicorner Analysis                                        ; On                 ;      ;    ;             ;
; Reports the worst-case path for each clock domain and analysis      ; Off                ;      ;    ;             ;
; Removes common clock path pessimism (CCPP) during slack computation ; Off                ;      ;    ;             ;
; Output I/O Timing Endpoint                                          ; Near End           ;      ;    ;             ;
+---------------------------------------------------------------------+--------------------+------+----+-------------+


+------------------------------------------------------------------------------------------------------------------------------------------------------------------------------------+
; Clock Settings Summary                                                                                                                                                             ;
+-----------------+--------------------+----------+------------------+---------------+--------------+----------+-----------------------+---------------------+--------+--------------+
; Clock Node Name ; Clock Setting Name ; Type     ; Fmax Requirement ; Early Latency ; Late Latency ; Based on ; Multiply Base Fmax by ; Divide Base Fmax by ; Offset ; Phase offset ;
+-----------------+--------------------+----------+------------------+---------------+--------------+----------+-----------------------+---------------------+--------+--------------+
; CLK             ;                    ; User Pin ; None             ; 0.000 ns      ; 0.000 ns     ; --       ; N/A                   ; N/A                 ; N/A    ;              ;
+-----------------+--------------------+----------+------------------+---------------+--------------+----------+-----------------------+---------------------+--------+--------------+


+------------------------------------------+
; Parallel Compilation                     ;
+----------------------------+-------------+
; Processors                 ; Number      ;
+----------------------------+-------------+
; Number detected on machine ; 4           ;
; Maximum allowed            ; 4           ;
;                            ;             ;
; Average used               ; 1.00        ;
; Maximum used               ; 1           ;
;                            ;             ;
; Usage by Processor         ; % Time Used ;
;     1 processor            ; 100.0%      ;
;     2-4 processors         ;   0.0%      ;
+----------------------------+-------------+


+-------------------------------------------------------------------------------------------------------------------------------------------------------------------------------------------------------------------------------------------------------------------+
; Clock Setup: 'CLK'                                                                                                                                                                                                                                                ;
+-----------------------------------------+-----------------------------------------------------+---------------------------+---------------------------+------------+----------+-----------------------------+---------------------------+-------------------------+
; Slack                                   ; Actual fmax (period)                                ; From                      ; To                        ; From Clock ; To Clock ; Required Setup Relationship ; Required Longest P2P Time ; Actual Longest P2P Time ;
+-----------------------------------------+-----------------------------------------------------+---------------------------+---------------------------+------------+----------+-----------------------------+---------------------------+-------------------------+
; N/A                                     ; 187.83 MHz ( period = 5.324 ns )                    ; led2_module:U3|Count1[8]  ; led2_module:U3|rLED_Out   ; CLK        ; CLK      ; None                        ; None                      ; 5.059 ns                ;
; N/A                                     ; 188.15 MHz ( period = 5.315 ns )                    ; led2_module:U3|Count1[8]  ; led1_module:U2|rLED_Out   ; CLK        ; CLK      ; None                        ; None                      ; 5.051 ns                ;
; N/A                                     ; 189.21 MHz ( period = 5.285 ns )                    ; led2_module:U3|Count1[7]  ; led2_module:U3|rLED_Out   ; CLK        ; CLK      ; None                        ; None                      ; 5.021 ns                ;
; N/A                                     ; 189.54 MHz ( period = 5.276 ns )                    ; led2_module:U3|Count1[7]  ; led1_module:U2|rLED_Out   ; CLK        ; CLK      ; None                        ; None                      ; 5.013 ns                ;
; N/A                                     ; 194.14 MHz ( period = 5.151 ns )                    ; led2_module:U3|Count1[9]  ; led2_module:U3|rLED_Out   ; CLK        ; CLK      ; None                        ; None                      ; 4.886 ns                ;
; N/A                                     ; 194.48 MHz ( period = 5.142 ns )                    ; led2_module:U3|Count1[9]  ; led1_module:U2|rLED_Out   ; CLK        ; CLK      ; None                        ; None                      ; 4.878 ns                ;
; N/A                                     ; 194.74 MHz ( period = 5.135 ns )                    ; led2_module:U3|Count1[0]  ; led2_module:U3|Count1[18] ; CLK        ; CLK      ; None                        ; None                      ; 4.870 ns                ;
; N/A                                     ; 198.45 MHz ( period = 5.039 ns )                    ; led2_module:U3|Count1[1]  ; led2_module:U3|Count1[18] ; CLK        ; CLK      ; None                        ; None                      ; 4.774 ns                ;
; N/A                                     ; 200.36 MHz ( period = 4.991 ns )                    ; led2_module:U3|Count1[19] ; led2_module:U3|rLED_Out   ; CLK        ; CLK      ; None                        ; None                      ; 4.721 ns                ;
; N/A                                     ; 200.72 MHz ( period = 4.982 ns )                    ; led2_module:U3|Count1[19] ; led1_module:U2|rLED_Out   ; CLK        ; CLK      ; None                        ; None                      ; 4.713 ns                ;
; N/A                                     ; 201.57 MHz ( period = 4.961 ns )                    ; led2_module:U3|Count1[0]  ; led2_module:U3|Count1[15] ; CLK        ; CLK      ; None                        ; None                      ; 4.696 ns                ;
; N/A                                     ; 201.57 MHz ( period = 4.961 ns )                    ; led2_module:U3|Count1[0]  ; led2_module:U3|Count1[17] ; CLK        ; CLK      ; None                        ; None                      ; 4.696 ns                ;
; N/A                                     ; 202.10 MHz ( period = 4.948 ns )                    ; led2_module:U3|Count1[16] ; led2_module:U3|rLED_Out   ; CLK        ; CLK      ; None                        ; None                      ; 4.678 ns                ;
; N/A                                     ; 202.47 MHz ( period = 4.939 ns )                    ; led2_module:U3|Count1[16] ; led1_module:U2|rLED_Out   ; CLK        ; CLK      ; None                        ; None                      ; 4.670 ns                ;
; N/A                                     ; 204.04 MHz ( period = 4.901 ns )                    ; led2_module:U3|Count1[2]  ; led2_module:U3|Count1[18] ; CLK        ; CLK      ; None                        ; None                      ; 4.636 ns                ;
; N/A                                     ; 205.55 MHz ( period = 4.865 ns )                    ; led2_module:U3|Count1[1]  ; led2_module:U3|Count1[15] ; CLK        ; CLK      ; None                        ; None                      ; 4.600 ns                ;
; N/A                                     ; 205.55 MHz ( period = 4.865 ns )                    ; led2_module:U3|Count1[1]  ; led2_module:U3|Count1[17] ; CLK        ; CLK      ; None                        ; None                      ; 4.600 ns                ;
; N/A                                     ; 207.13 MHz ( period = 4.828 ns )                    ; led2_module:U3|Count1[6]  ; led2_module:U3|rLED_Out   ; CLK        ; CLK      ; None                        ; None                      ; 4.563 ns                ;
; N/A                                     ; 207.51 MHz ( period = 4.819 ns )                    ; led2_module:U3|Count1[6]  ; led1_module:U2|rLED_Out   ; CLK        ; CLK      ; None                        ; None                      ; 4.555 ns                ;
; N/A                                     ; 208.38 MHz ( period = 4.799 ns )                    ; led2_module:U3|Count1[10] ; led2_module:U3|Count1[18] ; CLK        ; CLK      ; None                        ; None                      ; 4.535 ns                ;
; N/A                                     ; 209.73 MHz ( period = 4.768 ns )                    ; led2_module:U3|Count1[0]  ; led2_module:U3|Count1[19] ; CLK        ; CLK      ; None                        ; None                      ; 4.509 ns                ;
; N/A                                     ; 210.04 MHz ( period = 4.761 ns )                    ; led2_module:U3|Count1[3]  ; led2_module:U3|Count1[18] ; CLK        ; CLK      ; None                        ; None                      ; 4.496 ns                ;
; N/A                                     ; 211.42 MHz ( period = 4.730 ns )                    ; led2_module:U3|Count1[4]  ; led2_module:U3|Count1[18] ; CLK        ; CLK      ; None                        ; None                      ; 4.465 ns                ;
; N/A                                     ; 211.46 MHz ( period = 4.729 ns )                    ; led2_module:U3|Count1[7]  ; led2_module:U3|Count1[18] ; CLK        ; CLK      ; None                        ; None                      ; 4.465 ns                ;
; N/A                                     ; 211.55 MHz ( period = 4.727 ns )                    ; led2_module:U3|Count1[2]  ; led2_module:U3|Count1[15] ; CLK        ; CLK      ; None                        ; None                      ; 4.462 ns                ;
; N/A                                     ; 211.55 MHz ( period = 4.727 ns )                    ; led2_module:U3|Count1[2]  ; led2_module:U3|Count1[17] ; CLK        ; CLK      ; None                        ; None                      ; 4.462 ns                ;
; N/A                                     ; 212.31 MHz ( period = 4.710 ns )                    ; led3_module:U4|Count1[8]  ; led3_module:U4|rLED_Out   ; CLK        ; CLK      ; None                        ; None                      ; 4.460 ns                ;
; N/A                                     ; 212.49 MHz ( period = 4.706 ns )                    ; led3_module:U4|Count1[18] ; led3_module:U4|rLED_Out   ; CLK        ; CLK      ; None                        ; None                      ; 4.465 ns                ;
; N/A                                     ; 214.04 MHz ( period = 4.672 ns )                    ; led2_module:U3|Count1[1]  ; led2_module:U3|Count1[19] ; CLK        ; CLK      ; None                        ; None                      ; 4.413 ns                ;
; N/A                                     ; 214.78 MHz ( period = 4.656 ns )                    ; led3_module:U4|Count1[7]  ; led3_module:U4|rLED_Out   ; CLK        ; CLK      ; None                        ; None                      ; 4.406 ns                ;
; N/A                                     ; 215.98 MHz ( period = 4.630 ns )                    ; led3_module:U4|Count1[17] ; led3_module:U4|rLED_Out   ; CLK        ; CLK      ; None                        ; None                      ; 4.389 ns                ;
; N/A                                     ; 216.22 MHz ( period = 4.625 ns )                    ; led2_module:U3|Count1[10] ; led2_module:U3|Count1[15] ; CLK        ; CLK      ; None                        ; None                      ; 4.361 ns                ;
; N/A                                     ; 216.22 MHz ( period = 4.625 ns )                    ; led2_module:U3|Count1[10] ; led2_module:U3|Count1[17] ; CLK        ; CLK      ; None                        ; None                      ; 4.361 ns                ;
; N/A                                     ; 217.16 MHz ( period = 4.605 ns )                    ; led2_module:U3|Count1[0]  ; led2_module:U3|Count1[10] ; CLK        ; CLK      ; None                        ; None                      ; 4.340 ns                ;
; N/A                                     ; 217.44 MHz ( period = 4.599 ns )                    ; led2_module:U3|Count1[0]  ; led2_module:U3|Count1[20] ; CLK        ; CLK      ; None                        ; None                      ; 4.340 ns                ;
; N/A                                     ; 217.86 MHz ( period = 4.590 ns )                    ; led2_module:U3|Count1[5]  ; led2_module:U3|Count1[18] ; CLK        ; CLK      ; None                        ; None                      ; 4.325 ns                ;
; N/A                                     ; 217.96 MHz ( period = 4.588 ns )                    ; led2_module:U3|Count1[16] ; led2_module:U3|Count1[19] ; CLK        ; CLK      ; None                        ; None                      ; 4.324 ns                ;
; N/A                                     ; 217.96 MHz ( period = 4.588 ns )                    ; led2_module:U3|Count1[16] ; led2_module:U3|Count1[20] ; CLK        ; CLK      ; None                        ; None                      ; 4.324 ns                ;
; N/A                                     ; 218.01 MHz ( period = 4.587 ns )                    ; led2_module:U3|Count1[3]  ; led2_module:U3|Count1[15] ; CLK        ; CLK      ; None                        ; None                      ; 4.322 ns                ;
; N/A                                     ; 218.01 MHz ( period = 4.587 ns )                    ; led2_module:U3|Count1[3]  ; led2_module:U3|Count1[17] ; CLK        ; CLK      ; None                        ; None                      ; 4.322 ns                ;
; N/A                                     ; 219.11 MHz ( period = 4.564 ns )                    ; led2_module:U3|Count1[10] ; led2_module:U3|rLED_Out   ; CLK        ; CLK      ; None                        ; None                      ; 4.300 ns                ;
; N/A                                     ; 219.25 MHz ( period = 4.561 ns )                    ; led2_module:U3|Count1[6]  ; led2_module:U3|Count1[18] ; CLK        ; CLK      ; None                        ; None                      ; 4.296 ns                ;
; N/A                                     ; 219.49 MHz ( period = 4.556 ns )                    ; led2_module:U3|Count1[4]  ; led2_module:U3|Count1[15] ; CLK        ; CLK      ; None                        ; None                      ; 4.291 ns                ;
; N/A                                     ; 219.49 MHz ( period = 4.556 ns )                    ; led2_module:U3|Count1[4]  ; led2_module:U3|Count1[17] ; CLK        ; CLK      ; None                        ; None                      ; 4.291 ns                ;
; N/A                                     ; 219.54 MHz ( period = 4.555 ns )                    ; led2_module:U3|Count1[7]  ; led2_module:U3|Count1[15] ; CLK        ; CLK      ; None                        ; None                      ; 4.291 ns                ;
; N/A                                     ; 219.54 MHz ( period = 4.555 ns )                    ; led2_module:U3|Count1[7]  ; led2_module:U3|Count1[17] ; CLK        ; CLK      ; None                        ; None                      ; 4.291 ns                ;
; N/A                                     ; 220.41 MHz ( period = 4.537 ns )                    ; led3_module:U4|Count1[12] ; led3_module:U4|rLED_Out   ; CLK        ; CLK      ; None                        ; None                      ; 4.296 ns                ;
; N/A                                     ; 220.56 MHz ( period = 4.534 ns )                    ; led2_module:U3|Count1[2]  ; led2_module:U3|Count1[19] ; CLK        ; CLK      ; None                        ; None                      ; 4.275 ns                ;
; N/A                                     ; 221.34 MHz ( period = 4.518 ns )                    ; led2_module:U3|Count1[3]  ; led2_module:U3|Count1[20] ; CLK        ; CLK      ; None                        ; None                      ; 4.259 ns                ;
; N/A                                     ; 221.43 MHz ( period = 4.516 ns )                    ; led2_module:U3|Count1[1]  ; led2_module:U3|Count1[20] ; CLK        ; CLK      ; None                        ; None                      ; 4.257 ns                ;
; N/A                                     ; 221.73 MHz ( period = 4.510 ns )                    ; led2_module:U3|Count1[10] ; led1_module:U2|rLED_Out   ; CLK        ; CLK      ; None                        ; None                      ; 4.247 ns                ;
; N/A                                     ; 221.78 MHz ( period = 4.509 ns )                    ; led2_module:U3|Count1[1]  ; led2_module:U3|Count1[10] ; CLK        ; CLK      ; None                        ; None                      ; 4.244 ns                ;
; N/A                                     ; 223.71 MHz ( period = 4.470 ns )                    ; led2_module:U3|Count1[3]  ; led2_module:U3|Count1[0]  ; CLK        ; CLK      ; None                        ; None                      ; 4.206 ns                ;
; N/A                                     ; 223.76 MHz ( period = 4.469 ns )                    ; led2_module:U3|Count1[13] ; led2_module:U3|rLED_Out   ; CLK        ; CLK      ; None                        ; None                      ; 4.199 ns                ;
; N/A                                     ; 223.81 MHz ( period = 4.468 ns )                    ; led2_module:U3|Count1[1]  ; led2_module:U3|Count1[0]  ; CLK        ; CLK      ; None                        ; None                      ; 4.204 ns                ;
; N/A                                     ; 224.22 MHz ( period = 4.460 ns )                    ; led3_module:U4|Count1[13] ; led3_module:U4|rLED_Out   ; CLK        ; CLK      ; None                        ; None                      ; 4.219 ns                ;
; N/A                                     ; 225.48 MHz ( period = 4.435 ns )                    ; led3_module:U4|Count1[9]  ; led3_module:U4|rLED_Out   ; CLK        ; CLK      ; None                        ; None                      ; 4.185 ns                ;
; N/A                                     ; 225.63 MHz ( period = 4.432 ns )                    ; led2_module:U3|Count1[10] ; led2_module:U3|Count1[19] ; CLK        ; CLK      ; None                        ; None                      ; 4.174 ns                ;
; N/A                                     ; 226.45 MHz ( period = 4.416 ns )                    ; led2_module:U3|Count1[5]  ; led2_module:U3|Count1[15] ; CLK        ; CLK      ; None                        ; None                      ; 4.151 ns                ;
; N/A                                     ; 226.45 MHz ( period = 4.416 ns )                    ; led2_module:U3|Count1[5]  ; led2_module:U3|Count1[17] ; CLK        ; CLK      ; None                        ; None                      ; 4.151 ns                ;
; N/A                                     ; 226.81 MHz ( period = 4.409 ns )                    ; led3_module:U4|Count1[19] ; led3_module:U4|rLED_Out   ; CLK        ; CLK      ; None                        ; None                      ; 4.168 ns                ;
; N/A                                     ; 227.22 MHz ( period = 4.401 ns )                    ; led2_module:U3|Count1[10] ; led0_module:U1|rLED_Out   ; CLK        ; CLK      ; None                        ; None                      ; 4.138 ns                ;
; N/A                                     ; 227.58 MHz ( period = 4.394 ns )                    ; led2_module:U3|Count1[3]  ; led2_module:U3|Count1[19] ; CLK        ; CLK      ; None                        ; None                      ; 4.135 ns                ;
; N/A                                     ; 227.79 MHz ( period = 4.390 ns )                    ; led3_module:U4|Count1[14] ; led3_module:U4|rLED_Out   ; CLK        ; CLK      ; None                        ; None                      ; 4.149 ns                ;
; N/A                                     ; 227.95 MHz ( period = 4.387 ns )                    ; led2_module:U3|Count1[6]  ; led2_module:U3|Count1[15] ; CLK        ; CLK      ; None                        ; None                      ; 4.122 ns                ;
; N/A                                     ; 227.95 MHz ( period = 4.387 ns )                    ; led2_module:U3|Count1[6]  ; led2_module:U3|Count1[17] ; CLK        ; CLK      ; None                        ; None                      ; 4.122 ns                ;
; N/A                                     ; 228.21 MHz ( period = 4.382 ns )                    ; led2_module:U3|Count1[15] ; led2_module:U3|Count1[18] ; CLK        ; CLK      ; None                        ; None                      ; 4.118 ns                ;
; N/A                                     ; 228.78 MHz ( period = 4.371 ns )                    ; led2_module:U3|Count1[2]  ; led2_module:U3|Count1[10] ; CLK        ; CLK      ; None                        ; None                      ; 4.106 ns                ;
; N/A                                     ; 229.10 MHz ( period = 4.365 ns )                    ; led2_module:U3|Count1[2]  ; led2_module:U3|Count1[20] ; CLK        ; CLK      ; None                        ; None                      ; 4.106 ns                ;
; N/A                                     ; 229.20 MHz ( period = 4.363 ns )                    ; led2_module:U3|Count1[4]  ; led2_module:U3|Count1[19] ; CLK        ; CLK      ; None                        ; None                      ; 4.104 ns                ;
; N/A                                     ; 229.25 MHz ( period = 4.362 ns )                    ; led2_module:U3|Count1[7]  ; led2_module:U3|Count1[19] ; CLK        ; CLK      ; None                        ; None                      ; 4.104 ns                ;
; N/A                                     ; 230.47 MHz ( period = 4.339 ns )                    ; led2_module:U3|Count1[8]  ; led2_module:U3|Count1[18] ; CLK        ; CLK      ; None                        ; None                      ; 4.074 ns                ;
; N/A                                     ; 230.47 MHz ( period = 4.339 ns )                    ; led2_module:U3|Count1[9]  ; led2_module:U3|Count1[19] ; CLK        ; CLK      ; None                        ; None                      ; 4.080 ns                ;
; N/A                                     ; 230.47 MHz ( period = 4.339 ns )                    ; led2_module:U3|Count1[9]  ; led2_module:U3|Count1[20] ; CLK        ; CLK      ; None                        ; None                      ; 4.080 ns                ;
; N/A                                     ; 230.57 MHz ( period = 4.337 ns )                    ; led3_module:U4|Count1[6]  ; led3_module:U4|rLED_Out   ; CLK        ; CLK      ; None                        ; None                      ; 4.087 ns                ;
; N/A                                     ; 231.21 MHz ( period = 4.325 ns )                    ; led2_module:U3|Count1[16] ; led2_module:U3|Count1[17] ; CLK        ; CLK      ; None                        ; None                      ; 4.055 ns                ;
; N/A                                     ; 231.43 MHz ( period = 4.321 ns )                    ; led2_module:U3|Count1[16] ; led2_module:U3|Count1[18] ; CLK        ; CLK      ; None                        ; None                      ; 4.051 ns                ;
; N/A                                     ; 231.86 MHz ( period = 4.313 ns )                    ; led2_module:U3|Count1[2]  ; led2_module:U3|Count1[0]  ; CLK        ; CLK      ; None                        ; None                      ; 4.049 ns                ;
; N/A                                     ; 232.18 MHz ( period = 4.307 ns )                    ; led2_module:U3|Count1[18] ; led2_module:U3|rLED_Out   ; CLK        ; CLK      ; None                        ; None                      ; 4.043 ns                ;
; N/A                                     ; 232.18 MHz ( period = 4.307 ns )                    ; led3_module:U4|Count1[11] ; led3_module:U4|rLED_Out   ; CLK        ; CLK      ; None                        ; None                      ; 4.066 ns                ;
; N/A                                     ; 232.67 MHz ( period = 4.298 ns )                    ; led2_module:U3|Count1[18] ; led1_module:U2|rLED_Out   ; CLK        ; CLK      ; None                        ; None                      ; 4.035 ns                ;
; N/A                                     ; 232.88 MHz ( period = 4.294 ns )                    ; led2_module:U3|Count1[14] ; led2_module:U3|rLED_Out   ; CLK        ; CLK      ; None                        ; None                      ; 4.024 ns                ;
; N/A                                     ; 233.10 MHz ( period = 4.290 ns )                    ; led2_module:U3|Count1[16] ; led2_module:U3|Count1[7]  ; CLK        ; CLK      ; None                        ; None                      ; 4.020 ns                ;
; N/A                                     ; 233.21 MHz ( period = 4.288 ns )                    ; led2_module:U3|Count1[16] ; led2_module:U3|Count1[15] ; CLK        ; CLK      ; None                        ; None                      ; 4.018 ns                ;
; N/A                                     ; 233.48 MHz ( period = 4.283 ns )                    ; led2_module:U3|Count1[8]  ; led2_module:U3|Count1[19] ; CLK        ; CLK      ; None                        ; None                      ; 4.024 ns                ;
; N/A                                     ; 233.48 MHz ( period = 4.283 ns )                    ; led2_module:U3|Count1[8]  ; led2_module:U3|Count1[20] ; CLK        ; CLK      ; None                        ; None                      ; 4.024 ns                ;
; N/A                                     ; 233.59 MHz ( period = 4.281 ns )                    ; led3_module:U4|Count1[10] ; led3_module:U4|rLED_Out   ; CLK        ; CLK      ; None                        ; None                      ; 4.031 ns                ;
; N/A                                     ; 233.97 MHz ( period = 4.274 ns )                    ; led2_module:U3|Count1[9]  ; led2_module:U3|Count1[18] ; CLK        ; CLK      ; None                        ; None                      ; 4.009 ns                ;
; N/A                                     ; 234.58 MHz ( period = 4.263 ns )                    ; led2_module:U3|Count1[10] ; led2_module:U3|Count1[20] ; CLK        ; CLK      ; None                        ; None                      ; 4.005 ns                ;
; N/A                                     ; 236.35 MHz ( period = 4.231 ns )                    ; led2_module:U3|Count1[3]  ; led2_module:U3|Count1[10] ; CLK        ; CLK      ; None                        ; None                      ; 3.966 ns                ;
; N/A                                     ; 236.69 MHz ( period = 4.225 ns )                    ; led2_module:U3|Count1[19] ; led2_module:U3|Count1[19] ; CLK        ; CLK      ; None                        ; None                      ; 3.961 ns                ;
; N/A                                     ; 236.69 MHz ( period = 4.225 ns )                    ; led2_module:U3|Count1[19] ; led2_module:U3|Count1[20] ; CLK        ; CLK      ; None                        ; None                      ; 3.961 ns                ;
; N/A                                     ; 236.80 MHz ( period = 4.223 ns )                    ; led2_module:U3|Count1[5]  ; led2_module:U3|Count1[19] ; CLK        ; CLK      ; None                        ; None                      ; 3.964 ns                ;
; N/A                                     ; 237.64 MHz ( period = 4.208 ns )                    ; led2_module:U3|Count1[15] ; led2_module:U3|Count1[17] ; CLK        ; CLK      ; None                        ; None                      ; 3.944 ns                ;
; N/A                                     ; 238.10 MHz ( period = 4.200 ns )                    ; led2_module:U3|Count1[4]  ; led2_module:U3|Count1[10] ; CLK        ; CLK      ; None                        ; None                      ; 3.935 ns                ;
; N/A                                     ; 238.15 MHz ( period = 4.199 ns )                    ; led2_module:U3|Count1[7]  ; led2_module:U3|Count1[10] ; CLK        ; CLK      ; None                        ; None                      ; 3.935 ns                ;
; N/A                                     ; 238.44 MHz ( period = 4.194 ns )                    ; led2_module:U3|Count1[6]  ; led2_module:U3|Count1[19] ; CLK        ; CLK      ; None                        ; None                      ; 3.935 ns                ;
; N/A                                     ; 238.44 MHz ( period = 4.194 ns )                    ; led2_module:U3|Count1[4]  ; led2_module:U3|Count1[20] ; CLK        ; CLK      ; None                        ; None                      ; 3.935 ns                ;
; N/A                                     ; 238.49 MHz ( period = 4.193 ns )                    ; led2_module:U3|Count1[7]  ; led2_module:U3|Count1[20] ; CLK        ; CLK      ; None                        ; None                      ; 3.935 ns                ;
; N/A                                     ; 238.89 MHz ( period = 4.186 ns )                    ; led2_module:U3|Count1[17] ; led2_module:U3|Count1[18] ; CLK        ; CLK      ; None                        ; None                      ; 3.922 ns                ;
; N/A                                     ; 239.23 MHz ( period = 4.180 ns )                    ; led3_module:U4|Count1[5]  ; led3_module:U4|rLED_Out   ; CLK        ; CLK      ; None                        ; None                      ; 3.930 ns                ;
; N/A                                     ; 239.75 MHz ( period = 4.171 ns )                    ; led2_module:U3|Count1[18] ; led0_module:U1|rLED_Out   ; CLK        ; CLK      ; None                        ; None                      ; 3.908 ns                ;
; N/A                                     ; 240.10 MHz ( period = 4.165 ns )                    ; led2_module:U3|Count1[8]  ; led2_module:U3|Count1[15] ; CLK        ; CLK      ; None                        ; None                      ; 3.900 ns                ;
; N/A                                     ; 240.10 MHz ( period = 4.165 ns )                    ; led2_module:U3|Count1[8]  ; led2_module:U3|Count1[17] ; CLK        ; CLK      ; None                        ; None                      ; 3.900 ns                ;
; N/A                                     ; 240.50 MHz ( period = 4.158 ns )                    ; led2_module:U3|Count1[20] ; led2_module:U3|Count1[19] ; CLK        ; CLK      ; None                        ; None                      ; 3.894 ns                ;
; N/A                                     ; 240.50 MHz ( period = 4.158 ns )                    ; led2_module:U3|Count1[20] ; led2_module:U3|Count1[20] ; CLK        ; CLK      ; None                        ; None                      ; 3.894 ns                ;
; N/A                                     ; 240.56 MHz ( period = 4.157 ns )                    ; led2_module:U3|Count1[14] ; led2_module:U3|Count1[19] ; CLK        ; CLK      ; None                        ; None                      ; 3.893 ns                ;
; N/A                                     ; 240.56 MHz ( period = 4.157 ns )                    ; led2_module:U3|Count1[14] ; led2_module:U3|Count1[20] ; CLK        ; CLK      ; None                        ; None                      ; 3.893 ns                ;
; N/A                                     ; 241.49 MHz ( period = 4.141 ns )                    ; led2_module:U3|Count1[5]  ; led2_module:U3|Count1[20] ; CLK        ; CLK      ; None                        ; None                      ; 3.882 ns                ;
; N/A                                     ; 241.72 MHz ( period = 4.137 ns )                    ; led3_module:U4|Count1[15] ; led3_module:U4|rLED_Out   ; CLK        ; CLK      ; None                        ; None                      ; 3.896 ns                ;
; N/A                                     ; 242.13 MHz ( period = 4.130 ns )                    ; led2_module:U3|Count1[3]  ; led2_module:U3|Count1[7]  ; CLK        ; CLK      ; None                        ; None                      ; 3.865 ns                ;
; N/A                                     ; 242.25 MHz ( period = 4.128 ns )                    ; led2_module:U3|Count1[1]  ; led2_module:U3|Count1[7]  ; CLK        ; CLK      ; None                        ; None                      ; 3.863 ns                ;
; N/A                                     ; 243.43 MHz ( period = 4.108 ns )                    ; led2_module:U3|Count1[4]  ; led2_module:U3|Count1[0]  ; CLK        ; CLK      ; None                        ; None                      ; 3.844 ns                ;
; N/A                                     ; 243.90 MHz ( period = 4.100 ns )                    ; led2_module:U3|Count1[9]  ; led2_module:U3|Count1[15] ; CLK        ; CLK      ; None                        ; None                      ; 3.835 ns                ;
; N/A                                     ; 243.90 MHz ( period = 4.100 ns )                    ; led2_module:U3|Count1[9]  ; led2_module:U3|Count1[17] ; CLK        ; CLK      ; None                        ; None                      ; 3.835 ns                ;
; N/A                                     ; 245.34 MHz ( period = 4.076 ns )                    ; led2_module:U3|Count1[16] ; led2_module:U3|Count1[0]  ; CLK        ; CLK      ; None                        ; None                      ; 3.807 ns                ;
; N/A                                     ; 245.40 MHz ( period = 4.075 ns )                    ; led2_module:U3|Count1[15] ; led2_module:U3|rLED_Out   ; CLK        ; CLK      ; None                        ; None                      ; 3.811 ns                ;
; N/A                                     ; 245.58 MHz ( period = 4.072 ns )                    ; led2_module:U3|Count1[16] ; led2_module:U3|Count1[10] ; CLK        ; CLK      ; None                        ; None                      ; 3.802 ns                ;
; N/A                                     ; 245.94 MHz ( period = 4.066 ns )                    ; led2_module:U3|Count1[15] ; led1_module:U2|rLED_Out   ; CLK        ; CLK      ; None                        ; None                      ; 3.803 ns                ;
; N/A                                     ; 246.31 MHz ( period = 4.060 ns )                    ; led2_module:U3|Count1[5]  ; led2_module:U3|Count1[10] ; CLK        ; CLK      ; None                        ; None                      ; 3.795 ns                ;
; N/A                                     ; 247.28 MHz ( period = 4.044 ns )                    ; led2_module:U3|Count1[5]  ; led2_module:U3|rLED_Out   ; CLK        ; CLK      ; None                        ; None                      ; 3.779 ns                ;
; N/A                                     ; 247.46 MHz ( period = 4.041 ns )                    ; led2_module:U3|Count1[9]  ; led2_module:U3|Count1[7]  ; CLK        ; CLK      ; None                        ; None                      ; 3.776 ns                ;
; N/A                                     ; 247.52 MHz ( period = 4.040 ns )                    ; led3_module:U4|Count1[20] ; led3_module:U4|rLED_Out   ; CLK        ; CLK      ; None                        ; None                      ; 3.799 ns                ;
; N/A                                     ; 247.95 MHz ( period = 4.033 ns )                    ; led2_module:U3|Count1[17] ; led2_module:U3|rLED_Out   ; CLK        ; CLK      ; None                        ; None                      ; 3.769 ns                ;
; N/A                                     ; 248.08 MHz ( period = 4.031 ns )                    ; led2_module:U3|Count1[6]  ; led2_module:U3|Count1[10] ; CLK        ; CLK      ; None                        ; None                      ; 3.766 ns                ;
; N/A                                     ; 248.45 MHz ( period = 4.025 ns )                    ; led2_module:U3|Count1[6]  ; led2_module:U3|Count1[20] ; CLK        ; CLK      ; None                        ; None                      ; 3.766 ns                ;
; N/A                                     ; 248.51 MHz ( period = 4.024 ns )                    ; led2_module:U3|Count1[17] ; led1_module:U2|rLED_Out   ; CLK        ; CLK      ; None                        ; None                      ; 3.761 ns                ;
; N/A                                     ; 249.07 MHz ( period = 4.015 ns )                    ; led2_module:U3|Count1[15] ; led2_module:U3|Count1[19] ; CLK        ; CLK      ; None                        ; None                      ; 3.757 ns                ;
; N/A                                     ; 249.25 MHz ( period = 4.012 ns )                    ; led2_module:U3|Count1[12] ; led2_module:U3|rLED_Out   ; CLK        ; CLK      ; None                        ; None                      ; 3.742 ns                ;
; N/A                                     ; 250.44 MHz ( period = 3.993 ns )                    ; led2_module:U3|Count1[11] ; led2_module:U3|Count1[18] ; CLK        ; CLK      ; None                        ; None                      ; 3.723 ns                ;
; N/A                                     ; 250.82 MHz ( period = 3.987 ns )                    ; led2_module:U3|Count1[13] ; led2_module:U3|Count1[19] ; CLK        ; CLK      ; None                        ; None                      ; 3.723 ns                ;
; N/A                                     ; 250.82 MHz ( period = 3.987 ns )                    ; led2_module:U3|Count1[13] ; led2_module:U3|Count1[20] ; CLK        ; CLK      ; None                        ; None                      ; 3.723 ns                ;
; N/A                                     ; 250.94 MHz ( period = 3.985 ns )                    ; led2_module:U3|Count1[8]  ; led2_module:U3|Count1[7]  ; CLK        ; CLK      ; None                        ; None                      ; 3.720 ns                ;
; N/A                                     ; 251.26 MHz ( period = 3.980 ns )                    ; led2_module:U3|Count1[11] ; led2_module:U3|Count1[19] ; CLK        ; CLK      ; None                        ; None                      ; 3.716 ns                ;
; N/A                                     ; 251.26 MHz ( period = 3.980 ns )                    ; led2_module:U3|Count1[11] ; led2_module:U3|Count1[20] ; CLK        ; CLK      ; None                        ; None                      ; 3.716 ns                ;
; N/A                                     ; 251.70 MHz ( period = 3.973 ns )                    ; led2_module:U3|Count1[2]  ; led2_module:U3|Count1[7]  ; CLK        ; CLK      ; None                        ; None                      ; 3.708 ns                ;
; N/A                                     ; 252.40 MHz ( period = 3.962 ns )                    ; led2_module:U3|Count1[19] ; led2_module:U3|Count1[17] ; CLK        ; CLK      ; None                        ; None                      ; 3.692 ns                ;
; N/A                                     ; 252.65 MHz ( period = 3.958 ns )                    ; led2_module:U3|Count1[19] ; led2_module:U3|Count1[18] ; CLK        ; CLK      ; None                        ; None                      ; 3.688 ns                ;
; N/A                                     ; 252.65 MHz ( period = 3.958 ns )                    ; led2_module:U3|Count1[12] ; led1_module:U2|rLED_Out   ; CLK        ; CLK      ; None                        ; None                      ; 3.689 ns                ;
; N/A                                     ; 252.78 MHz ( period = 3.956 ns )                    ; led2_module:U3|Count1[12] ; led2_module:U3|Count1[19] ; CLK        ; CLK      ; None                        ; None                      ; 3.692 ns                ;
; N/A                                     ; 252.78 MHz ( period = 3.956 ns )                    ; led2_module:U3|Count1[12] ; led2_module:U3|Count1[20] ; CLK        ; CLK      ; None                        ; None                      ; 3.692 ns                ;
; N/A                                     ; 253.94 MHz ( period = 3.938 ns )                    ; led2_module:U3|Count1[20] ; led1_module:U2|rLED_Out   ; CLK        ; CLK      ; None                        ; None                      ; 3.669 ns                ;
; N/A                                     ; 254.65 MHz ( period = 3.927 ns )                    ; led2_module:U3|Count1[19] ; led2_module:U3|Count1[7]  ; CLK        ; CLK      ; None                        ; None                      ; 3.657 ns                ;
; N/A                                     ; 254.78 MHz ( period = 3.925 ns )                    ; led2_module:U3|Count1[19] ; led2_module:U3|Count1[15] ; CLK        ; CLK      ; None                        ; None                      ; 3.655 ns                ;
; N/A                                     ; 255.30 MHz ( period = 3.917 ns )                    ; led2_module:U3|Count1[19] ; led0_module:U1|rLED_Out   ; CLK        ; CLK      ; None                        ; None                      ; 3.648 ns                ;
; N/A                                     ; 255.95 MHz ( period = 3.907 ns )                    ; led2_module:U3|Count1[12] ; led2_module:U3|Count1[18] ; CLK        ; CLK      ; None                        ; None                      ; 3.637 ns                ;
; N/A                                     ; 256.48 MHz ( period = 3.899 ns )                    ; led3_module:U4|Count1[16] ; led3_module:U4|rLED_Out   ; CLK        ; CLK      ; None                        ; None                      ; 3.658 ns                ;
; N/A                                     ; 256.74 MHz ( period = 3.895 ns )                    ; led2_module:U3|Count1[20] ; led2_module:U3|Count1[17] ; CLK        ; CLK      ; None                        ; None                      ; 3.625 ns                ;
; N/A                                     ; 256.81 MHz ( period = 3.894 ns )                    ; led2_module:U3|Count1[14] ; led2_module:U3|Count1[17] ; CLK        ; CLK      ; None                        ; None                      ; 3.624 ns                ;
; N/A                                     ; 257.00 MHz ( period = 3.891 ns )                    ; led2_module:U3|Count1[20] ; led2_module:U3|Count1[18] ; CLK        ; CLK      ; None                        ; None                      ; 3.621 ns                ;
; N/A                                     ; 257.07 MHz ( period = 3.890 ns )                    ; led2_module:U3|Count1[14] ; led2_module:U3|Count1[18] ; CLK        ; CLK      ; None                        ; None                      ; 3.620 ns                ;
; N/A                                     ; 257.80 MHz ( period = 3.879 ns )                    ; led2_module:U3|Count1[13] ; led2_module:U3|Count1[18] ; CLK        ; CLK      ; None                        ; None                      ; 3.609 ns                ;
; N/A                                     ; 258.00 MHz ( period = 3.876 ns )                    ; led2_module:U3|Count1[10] ; led2_module:U3|Count1[10] ; CLK        ; CLK      ; None                        ; None                      ; 3.612 ns                ;
; N/A                                     ; 259.07 MHz ( period = 3.860 ns )                    ; led2_module:U3|Count1[20] ; led2_module:U3|Count1[7]  ; CLK        ; CLK      ; None                        ; None                      ; 3.590 ns                ;
; N/A                                     ; 259.13 MHz ( period = 3.859 ns )                    ; led2_module:U3|Count1[14] ; led2_module:U3|Count1[7]  ; CLK        ; CLK      ; None                        ; None                      ; 3.589 ns                ;
; N/A                                     ; 259.20 MHz ( period = 3.858 ns )                    ; led2_module:U3|Count1[20] ; led2_module:U3|Count1[15] ; CLK        ; CLK      ; None                        ; None                      ; 3.588 ns                ;
; N/A                                     ; 259.27 MHz ( period = 3.857 ns )                    ; led2_module:U3|Count1[14] ; led2_module:U3|Count1[15] ; CLK        ; CLK      ; None                        ; None                      ; 3.587 ns                ;
; N/A                                     ; 259.81 MHz ( period = 3.849 ns )                    ; led2_module:U3|Count1[12] ; led0_module:U1|rLED_Out   ; CLK        ; CLK      ; None                        ; None                      ; 3.580 ns                ;
; N/A                                     ; 260.01 MHz ( period = 3.846 ns )                    ; led2_module:U3|Count1[15] ; led2_module:U3|Count1[20] ; CLK        ; CLK      ; None                        ; None                      ; 3.588 ns                ;
; N/A                                     ; 260.21 MHz ( period = 3.843 ns )                    ; led2_module:U3|Count1[5]  ; led2_module:U3|Count1[7]  ; CLK        ; CLK      ; None                        ; None                      ; 3.578 ns                ;
; N/A                                     ; 261.30 MHz ( period = 3.827 ns )                    ; led2_module:U3|Count1[9]  ; led2_module:U3|Count1[0]  ; CLK        ; CLK      ; None                        ; None                      ; 3.563 ns                ;
; N/A                                     ; 261.57 MHz ( period = 3.823 ns )                    ; led2_module:U3|Count1[9]  ; led2_module:U3|Count1[10] ; CLK        ; CLK      ; None                        ; None                      ; 3.558 ns                ;
; N/A                                     ; 261.85 MHz ( period = 3.819 ns )                    ; led2_module:U3|Count1[11] ; led2_module:U3|Count1[15] ; CLK        ; CLK      ; None                        ; None                      ; 3.549 ns                ;
; N/A                                     ; 261.85 MHz ( period = 3.819 ns )                    ; led2_module:U3|Count1[17] ; led2_module:U3|Count1[19] ; CLK        ; CLK      ; None                        ; None                      ; 3.561 ns                ;
; N/A                                     ; 261.85 MHz ( period = 3.819 ns )                    ; led2_module:U3|Count1[11] ; led2_module:U3|Count1[17] ; CLK        ; CLK      ; None                        ; None                      ; 3.549 ns                ;
; N/A                                     ; 262.12 MHz ( period = 3.815 ns )                    ; led2_module:U3|Count1[15] ; led2_module:U3|Count1[15] ; CLK        ; CLK      ; None                        ; None                      ; 3.551 ns                ;
; N/A                                     ; 262.54 MHz ( period = 3.809 ns )                    ; led2_module:U3|Count1[8]  ; led2_module:U3|Count1[10] ; CLK        ; CLK      ; None                        ; None                      ; 3.544 ns                ;
; N/A                                     ; 262.81 MHz ( period = 3.805 ns )                    ; led3_module:U4|Count1[1]  ; led3_module:U4|Count1[20] ; CLK        ; CLK      ; None                        ; None                      ; 3.532 ns                ;
; N/A                                     ; 263.23 MHz ( period = 3.799 ns )                    ; led2_module:U3|Count1[7]  ; led2_module:U3|Count1[7]  ; CLK        ; CLK      ; None                        ; None                      ; 3.535 ns                ;
; N/A                                     ; 265.18 MHz ( period = 3.771 ns )                    ; led2_module:U3|Count1[8]  ; led2_module:U3|Count1[0]  ; CLK        ; CLK      ; None                        ; None                      ; 3.507 ns                ;
; N/A                                     ; 265.39 MHz ( period = 3.768 ns )                    ; led2_module:U3|Count1[4]  ; led2_module:U3|Count1[7]  ; CLK        ; CLK      ; None                        ; None                      ; 3.503 ns                ;
; N/A                                     ; 265.60 MHz ( period = 3.765 ns )                    ; led2_module:U3|Count1[0]  ; led2_module:U3|Count1[7]  ; CLK        ; CLK      ; None                        ; None                      ; 3.500 ns                ;
; N/A                                     ; 265.96 MHz ( period = 3.760 ns )                    ; led3_module:U4|Count1[0]  ; led3_module:U4|Count1[20] ; CLK        ; CLK      ; None                        ; None                      ; 3.487 ns                ;
; N/A                                     ; 267.88 MHz ( period = 3.733 ns )                    ; led2_module:U3|Count1[12] ; led2_module:U3|Count1[15] ; CLK        ; CLK      ; None                        ; None                      ; 3.463 ns                ;
; N/A                                     ; 267.88 MHz ( period = 3.733 ns )                    ; led2_module:U3|Count1[12] ; led2_module:U3|Count1[17] ; CLK        ; CLK      ; None                        ; None                      ; 3.463 ns                ;
; N/A                                     ; 268.53 MHz ( period = 3.724 ns )                    ; led2_module:U3|Count1[13] ; led2_module:U3|Count1[17] ; CLK        ; CLK      ; None                        ; None                      ; 3.454 ns                ;
; N/A                                     ; 268.89 MHz ( period = 3.719 ns )                    ; led3_module:U4|Count1[1]  ; led3_module:U4|Count1[19] ; CLK        ; CLK      ; None                        ; None                      ; 3.446 ns                ;
; N/A                                     ; 269.32 MHz ( period = 3.713 ns )                    ; led2_module:U3|Count1[19] ; led2_module:U3|Count1[0]  ; CLK        ; CLK      ; None                        ; None                      ; 3.444 ns                ;
; N/A                                     ; 269.32 MHz ( period = 3.713 ns )                    ; led2_module:U3|Count1[17] ; led0_module:U1|rLED_Out   ; CLK        ; CLK      ; None                        ; None                      ; 3.450 ns                ;
; N/A                                     ; 269.61 MHz ( period = 3.709 ns )                    ; led2_module:U3|Count1[19] ; led2_module:U3|Count1[10] ; CLK        ; CLK      ; None                        ; None                      ; 3.439 ns                ;
; N/A                                     ; 269.91 MHz ( period = 3.705 ns )                    ; led2_module:U3|Count1[13] ; led2_module:U3|Count1[15] ; CLK        ; CLK      ; None                        ; None                      ; 3.435 ns                ;
; N/A                                     ; 271.08 MHz ( period = 3.689 ns )                    ; led2_module:U3|Count1[13] ; led2_module:U3|Count1[7]  ; CLK        ; CLK      ; None                        ; None                      ; 3.419 ns                ;
; N/A                                     ; 271.59 MHz ( period = 3.682 ns )                    ; led2_module:U3|Count1[11] ; led2_module:U3|Count1[7]  ; CLK        ; CLK      ; None                        ; None                      ; 3.412 ns                ;
; N/A                                     ; 271.89 MHz ( period = 3.678 ns )                    ; led2_module:U3|Count1[20] ; led0_module:U1|rLED_Out   ; CLK        ; CLK      ; None                        ; None                      ; 3.409 ns                ;
; N/A                                     ; 271.96 MHz ( period = 3.677 ns )                    ; led2_module:U3|Count1[5]  ; led0_module:U1|rLED_Out   ; CLK        ; CLK      ; None                        ; None                      ; 3.413 ns                ;
; N/A                                     ; 271.96 MHz ( period = 3.677 ns )                    ; led2_module:U3|Count1[5]  ; led1_module:U2|rLED_Out   ; CLK        ; CLK      ; None                        ; None                      ; 3.413 ns                ;
; N/A                                     ; 272.11 MHz ( period = 3.675 ns )                    ; led3_module:U4|Count1[2]  ; led3_module:U4|Count1[20] ; CLK        ; CLK      ; None                        ; None                      ; 3.402 ns                ;
; N/A                                     ; 272.18 MHz ( period = 3.674 ns )                    ; led3_module:U4|Count1[0]  ; led3_module:U4|Count1[19] ; CLK        ; CLK      ; None                        ; None                      ; 3.401 ns                ;
; N/A                                     ; 272.55 MHz ( period = 3.669 ns )                    ; led2_module:U3|Count1[11] ; led2_module:U3|rLED_Out   ; CLK        ; CLK      ; None                        ; None                      ; 3.399 ns                ;
; N/A                                     ; 272.93 MHz ( period = 3.664 ns )                    ; led2_module:U3|Count1[18] ; led2_module:U3|Count1[19] ; CLK        ; CLK      ; None                        ; None                      ; 3.406 ns                ;
; N/A                                     ; 273.37 MHz ( period = 3.658 ns )                    ; led2_module:U3|Count1[12] ; led2_module:U3|Count1[7]  ; CLK        ; CLK      ; None                        ; None                      ; 3.388 ns                ;
; N/A                                     ; 273.97 MHz ( period = 3.650 ns )                    ; led2_module:U3|Count1[17] ; led2_module:U3|Count1[20] ; CLK        ; CLK      ; None                        ; None                      ; 3.392 ns                ;
; N/A                                     ; 274.27 MHz ( period = 3.646 ns )                    ; led2_module:U3|Count1[20] ; led2_module:U3|Count1[0]  ; CLK        ; CLK      ; None                        ; None                      ; 3.377 ns                ;
; N/A                                     ; 274.35 MHz ( period = 3.645 ns )                    ; led2_module:U3|Count1[14] ; led2_module:U3|Count1[0]  ; CLK        ; CLK      ; None                        ; None                      ; 3.376 ns                ;
; N/A                                     ; 274.57 MHz ( period = 3.642 ns )                    ; led2_module:U3|Count1[20] ; led2_module:U3|Count1[10] ; CLK        ; CLK      ; None                        ; None                      ; 3.372 ns                ;
; N/A                                     ; 274.65 MHz ( period = 3.641 ns )                    ; led2_module:U3|Count1[14] ; led2_module:U3|Count1[10] ; CLK        ; CLK      ; None                        ; None                      ; 3.371 ns                ;
; N/A                                     ; 274.95 MHz ( period = 3.637 ns )                    ; led2_module:U3|Count1[18] ; led2_module:U3|Count1[18] ; CLK        ; CLK      ; None                        ; None                      ; 3.373 ns                ;
; N/A                                     ; 275.56 MHz ( period = 3.629 ns )                    ; led2_module:U3|Count1[5]  ; led2_module:U3|Count1[0]  ; CLK        ; CLK      ; None                        ; None                      ; 3.365 ns                ;
; N/A                                     ; 276.63 MHz ( period = 3.615 ns )                    ; led2_module:U3|Count1[11] ; led1_module:U2|rLED_Out   ; CLK        ; CLK      ; None                        ; None                      ; 3.346 ns                ;
; N/A                                     ; 276.78 MHz ( period = 3.613 ns )                    ; led2_module:U3|Count1[17] ; led2_module:U3|Count1[17] ; CLK        ; CLK      ; None                        ; None                      ; 3.349 ns                ;
; Timing analysis restricted to 200 rows. ; To change the limit use Settings (Assignments menu) ;                           ;                           ;            ;          ;                             ;                           ;                         ;
+-----------------------------------------+-----------------------------------------------------+---------------------------+---------------------------+------------+----------+-----------------------------+---------------------------+-------------------------+


+---------------------------------------------------------------------------------------+
; tco                                                                                   ;
+-------+--------------+------------+-------------------------+------------+------------+
; Slack ; Required tco ; Actual tco ; From                    ; To         ; From Clock ;
+-------+--------------+------------+-------------------------+------------+------------+
; N/A   ; None         ; 8.158 ns   ; led1_module:U2|rLED_Out ; LED_Out[1] ; CLK        ;
; N/A   ; None         ; 8.026 ns   ; led0_module:U1|rLED_Out ; LED_Out[0] ; CLK        ;
; N/A   ; None         ; 7.819 ns   ; led3_module:U4|rLED_Out ; LED_Out[3] ; CLK        ;
; N/A   ; None         ; 7.570 ns   ; led2_module:U3|rLED_Out ; LED_Out[2] ; CLK        ;
+-------+--------------+------------+-------------------------+------------+------------+


+--------------------------+
; Timing Analyzer Messages ;
+--------------------------+
Info: *******************************************************************
Info: Running Quartus II Classic Timing Analyzer
    Info: Version 9.0 Build 132 02/25/2009 SJ Full Version
    Info: Processing started: Tue Nov 22 16:08:40 2011
Info: Command: quartus_tan --read_settings_files=off --write_settings_files=off top_module -c top_module --timing_analysis_only
Info: Parallel compilation is enabled and will use 4 of the 4 processors detected
Warning: Found pins functioning as undefined clocks and/or memory enables
    Info: Assuming node "CLK" is an undefined clock
Info: Clock "CLK" has Internal fmax of 187.83 MHz between source register "led2_module:U3|Count1[8]" and destination register "led2_module:U3|rLED_Out" (period= 5.324 ns)
    Info: + Longest register to register delay is 5.059 ns
        Info: 1: + IC(0.000 ns) + CELL(0.000 ns) = 0.000 ns; Loc. = LCFF_X6_Y6_N29; Fanout = 6; REG Node = 'led2_module:U3|Count1[8]'
        Info: 2: + IC(1.113 ns) + CELL(0.370 ns) = 1.483 ns; Loc. = LCCOMB_X5_Y6_N22; Fanout = 1; COMB Node = 'led1_module:U2|LessThan1~0'
        Info: 3: + IC(1.080 ns) + CELL(0.370 ns) = 2.933 ns; Loc. = LCCOMB_X6_Y5_N28; Fanout = 1; COMB Node = 'led1_module:U2|LessThan1~1'
        Info: 4: + IC(0.364 ns) + CELL(0.202 ns) = 3.499 ns; Loc. = LCCOMB_X6_Y5_N22; Fanout = 2; COMB Node = 'led2_module:U3|always1~2'
        Info: 5: + IC(1.082 ns) + CELL(0.370 ns) = 4.951 ns; Loc. = LCCOMB_X5_Y6_N0; Fanout = 1; COMB Node = 'led2_module:U3|always1~3'
        Info: 6: + IC(0.000 ns) + CELL(0.108 ns) = 5.059 ns; Loc. = LCFF_X5_Y6_N1; Fanout = 1; REG Node = 'led2_module:U3|rLED_Out'
        Info: Total cell delay = 1.420 ns ( 28.07 % )
        Info: Total interconnect delay = 3.639 ns ( 71.93 % )
    Info: - Smallest clock skew is -0.001 ns
        Info: + Shortest clock path from clock "CLK" to destination register is 2.854 ns
            Info: 1: + IC(0.000 ns) + CELL(1.140 ns) = 1.140 ns; Loc. = PIN_23; Fanout = 1; CLK Node = 'CLK'
            Info: 2: + IC(0.139 ns) + CELL(0.000 ns) = 1.279 ns; Loc. = CLKCTRL_G2; Fanout = 46; COMB Node = 'CLK~clkctrl'
            Info: 3: + IC(0.909 ns) + CELL(0.666 ns) = 2.854 ns; Loc. = LCFF_X5_Y6_N1; Fanout = 1; REG Node = 'led2_module:U3|rLED_Out'
            Info: Total cell delay = 1.806 ns ( 63.28 % )
            Info: Total interconnect delay = 1.048 ns ( 36.72 % )
        Info: - Longest clock path from clock "CLK" to source register is 2.855 ns
            Info: 1: + IC(0.000 ns) + CELL(1.140 ns) = 1.140 ns; Loc. = PIN_23; Fanout = 1; CLK Node = 'CLK'
            Info: 2: + IC(0.139 ns) + CELL(0.000 ns) = 1.279 ns; Loc. = CLKCTRL_G2; Fanout = 46; COMB Node = 'CLK~clkctrl'
            Info: 3: + IC(0.910 ns) + CELL(0.666 ns) = 2.855 ns; Loc. = LCFF_X6_Y6_N29; Fanout = 6; REG Node = 'led2_module:U3|Count1[8]'
            Info: Total cell delay = 1.806 ns ( 63.26 % )
            Info: Total interconnect delay = 1.049 ns ( 36.74 % )
    Info: + Micro clock to output delay of source is 0.304 ns
    Info: + Micro setup delay of destination is -0.040 ns
Info: tco from clock "CLK" to destination pin "LED_Out[1]" through register "led1_module:U2|rLED_Out" is 8.158 ns
    Info: + Longest clock path from clock "CLK" to source register is 2.855 ns
        Info: 1: + IC(0.000 ns) + CELL(1.140 ns) = 1.140 ns; Loc. = PIN_23; Fanout = 1; CLK Node = 'CLK'
        Info: 2: + IC(0.139 ns) + CELL(0.000 ns) = 1.279 ns; Loc. = CLKCTRL_G2; Fanout = 46; COMB Node = 'CLK~clkctrl'
        Info: 3: + IC(0.910 ns) + CELL(0.666 ns) = 2.855 ns; Loc. = LCFF_X6_Y6_N11; Fanout = 1; REG Node = 'led1_module:U2|rLED_Out'
        Info: Total cell delay = 1.806 ns ( 63.26 % )
        Info: Total interconnect delay = 1.049 ns ( 36.74 % )
    Info: + Micro clock to output delay of source is 0.304 ns
    Info: + Longest register to pin delay is 4.999 ns
        Info: 1: + IC(0.000 ns) + CELL(0.000 ns) = 0.000 ns; Loc. = LCFF_X6_Y6_N11; Fanout = 1; REG Node = 'led1_module:U2|rLED_Out'
        Info: 2: + IC(1.703 ns) + CELL(3.296 ns) = 4.999 ns; Loc. = PIN_63; Fanout = 0; PIN Node = 'LED_Out[1]'
        Info: Total cell delay = 3.296 ns ( 65.93 % )
        Info: Total interconnect delay = 1.703 ns ( 34.07 % )
Info: Quartus II Classic Timing Analyzer was successful. 0 errors, 1 warning
    Info: Peak virtual memory: 177 megabytes
    Info: Processing ended: Tue Nov 22 16:08:40 2011
    Info: Elapsed time: 00:00:00
    Info: Total CPU time (on all processors): 00:00:00


